;  LST file generated by mikroListExporter - v.2.0 
; Date/Time: 30.05.2026 20:26:47
;----------------------------------------------

;Address Opcode 	ASM
0x0000	0x2803      	GOTO       3
_main:
;Butonsuz_Led_Yakma.c,4 :: 		void main() {
;Butonsuz_Led_Yakma.c,6 :: 		TRISB = 0;
0x0003	0x1683      	BSF        STATUS, 5
0x0004	0x1303      	BCF        STATUS, 6
0x0005	0x0186      	CLRF       TRISB
;Butonsuz_Led_Yakma.c,7 :: 		TRISD = 0;
0x0006	0x0188      	CLRF       TRISD
;Butonsuz_Led_Yakma.c,8 :: 		d_flag = 1; // flag == 1 durumunda 2yle carpilarak ilerlenir.
0x0007	0x3001      	MOVLW      1
0x0008	0x1283      	BCF        STATUS, 5
0x0009	0x00A2      	MOVWF      _d_flag
0x000A	0x3000      	MOVLW      0
0x000B	0x00A3      	MOVWF      _d_flag+1
;Butonsuz_Led_Yakma.c,9 :: 		b_flag = 0; // flag == 0 durumunda 2ye bolunerek ilerlenir.
0x000C	0x01A4      	CLRF       _b_flag
0x000D	0x01A5      	CLRF       _b_flag+1
;Butonsuz_Led_Yakma.c,11 :: 		PORTB = 0X80;
0x000E	0x3080      	MOVLW      128
0x000F	0x0086      	MOVWF      PORTB
;Butonsuz_Led_Yakma.c,12 :: 		PORTD = 0X01;
0x0010	0x3001      	MOVLW      1
0x0011	0x0088      	MOVWF      PORTD
;Butonsuz_Led_Yakma.c,14 :: 		while(1)
L_main0:
;Butonsuz_Led_Yakma.c,16 :: 		delay_ms(500);
0x0012	0x3006      	MOVLW      6
0x0013	0x00FB      	MOVWF      R11
0x0014	0x3013      	MOVLW      19
0x0015	0x00FC      	MOVWF      R12
0x0016	0x30AD      	MOVLW      173
0x0017	0x00FD      	MOVWF      R13
L_main2:
0x0018	0x0BFD      	DECFSZ     R13, 1
0x0019	0x2818      	GOTO       L_main2
0x001A	0x0BFC      	DECFSZ     R12, 1
0x001B	0x2818      	GOTO       L_main2
0x001C	0x0BFB      	DECFSZ     R11, 1
0x001D	0x2818      	GOTO       L_main2
0x001E	0x0000      	NOP
0x001F	0x0000      	NOP
;Butonsuz_Led_Yakma.c,18 :: 		if(PORTB == 0X01){
0x0020	0x0806      	MOVF       PORTB, 0
0x0021	0x3A01      	XORLW      1
0x0022	0x1D03      	BTFSS      STATUS, 2
0x0023	0x2828      	GOTO       L_main3
;Butonsuz_Led_Yakma.c,20 :: 		b_flag = 1;
0x0024	0x3001      	MOVLW      1
0x0025	0x00A4      	MOVWF      _b_flag
0x0026	0x3000      	MOVLW      0
0x0027	0x00A5      	MOVWF      _b_flag+1
;Butonsuz_Led_Yakma.c,21 :: 		}
L_main3:
;Butonsuz_Led_Yakma.c,22 :: 		if(PORTB == 0X80){
0x0028	0x0806      	MOVF       PORTB, 0
0x0029	0x3A80      	XORLW      128
0x002A	0x1D03      	BTFSS      STATUS, 2
0x002B	0x282E      	GOTO       L_main4
;Butonsuz_Led_Yakma.c,24 :: 		b_flag = 0;
0x002C	0x01A4      	CLRF       _b_flag
0x002D	0x01A5      	CLRF       _b_flag+1
;Butonsuz_Led_Yakma.c,25 :: 		}
L_main4:
;Butonsuz_Led_Yakma.c,26 :: 		if(b_flag == 0) PORTB /= 2;
0x002E	0x3000      	MOVLW      0
0x002F	0x0625      	XORWF      _b_flag+1, 0
0x0030	0x1D03      	BTFSS      STATUS, 2
0x0031	0x2834      	GOTO       L__main12
0x0032	0x3000      	MOVLW      0
0x0033	0x0624      	XORWF      _b_flag, 0
L__main12:
0x0034	0x1D03      	BTFSS      STATUS, 2
0x0035	0x283D      	GOTO       L_main5
0x0036	0x0806      	MOVF       PORTB, 0
0x0037	0x00F0      	MOVWF      R0
0x0038	0x0CF0      	RRF        R0, 1
0x0039	0x13F0      	BCF        R0, 7
0x003A	0x0870      	MOVF       R0, 0
0x003B	0x0086      	MOVWF      PORTB
0x003C	0x2843      	GOTO       L_main6
L_main5:
;Butonsuz_Led_Yakma.c,27 :: 		else PORTB *= 2;
0x003D	0x0806      	MOVF       PORTB, 0
0x003E	0x00F0      	MOVWF      R0
0x003F	0x0DF0      	RLF        R0, 1
0x0040	0x1070      	BCF        R0, 0
0x0041	0x0870      	MOVF       R0, 0
0x0042	0x0086      	MOVWF      PORTB
L_main6:
;Butonsuz_Led_Yakma.c,29 :: 		if(PORTD == 0X01){
0x0043	0x0808      	MOVF       PORTD, 0
0x0044	0x3A01      	XORLW      1
0x0045	0x1D03      	BTFSS      STATUS, 2
0x0046	0x284B      	GOTO       L_main7
;Butonsuz_Led_Yakma.c,31 :: 		d_flag = 1;
0x0047	0x3001      	MOVLW      1
0x0048	0x00A2      	MOVWF      _d_flag
0x0049	0x3000      	MOVLW      0
0x004A	0x00A3      	MOVWF      _d_flag+1
;Butonsuz_Led_Yakma.c,32 :: 		}
L_main7:
;Butonsuz_Led_Yakma.c,33 :: 		if(PORTD == 0X80){
0x004B	0x0808      	MOVF       PORTD, 0
0x004C	0x3A80      	XORLW      128
0x004D	0x1D03      	BTFSS      STATUS, 2
0x004E	0x2851      	GOTO       L_main8
;Butonsuz_Led_Yakma.c,35 :: 		d_flag = 0;
0x004F	0x01A2      	CLRF       _d_flag
0x0050	0x01A3      	CLRF       _d_flag+1
;Butonsuz_Led_Yakma.c,36 :: 		}
L_main8:
;Butonsuz_Led_Yakma.c,37 :: 		if(d_flag == 0) PORTD /= 2;
0x0051	0x3000      	MOVLW      0
0x0052	0x0623      	XORWF      _d_flag+1, 0
0x0053	0x1D03      	BTFSS      STATUS, 2
0x0054	0x2857      	GOTO       L__main13
0x0055	0x3000      	MOVLW      0
0x0056	0x0622      	XORWF      _d_flag, 0
L__main13:
0x0057	0x1D03      	BTFSS      STATUS, 2
0x0058	0x2860      	GOTO       L_main9
0x0059	0x0808      	MOVF       PORTD, 0
0x005A	0x00F0      	MOVWF      R0
0x005B	0x0CF0      	RRF        R0, 1
0x005C	0x13F0      	BCF        R0, 7
0x005D	0x0870      	MOVF       R0, 0
0x005E	0x0088      	MOVWF      PORTD
0x005F	0x2866      	GOTO       L_main10
L_main9:
;Butonsuz_Led_Yakma.c,38 :: 		else PORTD *= 2;
0x0060	0x0808      	MOVF       PORTD, 0
0x0061	0x00F0      	MOVWF      R0
0x0062	0x0DF0      	RLF        R0, 1
0x0063	0x1070      	BCF        R0, 0
0x0064	0x0870      	MOVF       R0, 0
0x0065	0x0088      	MOVWF      PORTD
L_main10:
;Butonsuz_Led_Yakma.c,43 :: 		}
0x0066	0x2812      	GOTO       L_main0
;Butonsuz_Led_Yakma.c,46 :: 		}
L_end_main:
0x0067	0x2867      	GOTO       $+0
; end of _main
Symbol List:
//** Routines locations **
//ADDRESS    SIZE    PROCEDURE
//----------------------------------------------
0x0003     [101]    _main
//** Variables locations ** 
//ADDRESS    SIZE    VARIABLE
//----------------------------------------------
0x0000       [1]    INDF
0x0003       [1]    STATUS
0x0004       [1]    FSR
0x0006       [1]    PORTB
0x0008       [1]    PORTD
0x000A       [1]    PCLATH
0x0020       [2]    ___DoICPAddr
0x0022       [2]    _d_flag
0x0024       [2]    _b_flag
0x0070       [1]    R0
0x0071       [1]    R1
0x0072       [1]    R2
0x0073       [1]    R3
0x0074       [1]    R4
0x0075       [1]    R5
0x0076       [1]    R6
0x0077       [1]    R7
0x0078       [1]    R8
0x0079       [1]    R9
0x007A       [1]    R10
0x007B       [1]    R11
0x007C       [1]    R12
0x007D       [1]    R13
0x007E       [1]    R14
0x007F       [1]    R15
0x0086       [1]    TRISB
0x0088       [1]    TRISD
