../Core/Src/main.c:72:6:delay_us	16	static
../Core/Src/main.c:81:6:DHT11_SetPinOutput	32	static
../Core/Src/main.c:93:6:DHT11_SetPinInput	32	static
../Core/Src/main.c:104:9:DHT11_ReadByte	16	static
../Core/Src/main.c:154:9:DHT11_Read	40	static
../Core/Src/main.c:239:5:main	16	static
../Core/Src/main.c:331:6:SystemClock_Config	88	static
../Core/Src/main.c:373:13:MX_I2C1_Init	8	static
../Core/Src/main.c:407:13:MX_TIM2_Init	32	static
../Core/Src/main.c:452:13:MX_GPIO_Init	40	static
../Core/Src/main.c:486:6:Error_Handler	4	static,ignoring_inline_asm
